******************************************************************************
            TI ARM Clang Linker PC v4.0.1                      
******************************************************************************
>> Linked Tue Apr 22 19:51:39 2025

OUTPUT FILE NAME:   <empty_mspm0g3507_nortos_ticlang copy.out>
ENTRY POINT SYMBOL: "_c_int00_noargs"  address: 000007d1


MEMORY CONFIGURATION

         name            origin    length      used     unused   attr    fill
----------------------  --------  ---------  --------  --------  ----  --------
  FLASH                 00000000   00020000  00000890  0001f770  R  X
  SRAM                  20200000   00008000  00000233  00007dcd  RW X
  BCR_CONFIG            41c00000   000000ff  00000000  000000ff  R   
  BSL_CONFIG            41c00100   00000080  00000000  00000080  R   


SEGMENT ALLOCATION MAP

run origin  load origin   length   init length attrs members
----------  ----------- ---------- ----------- ----- -------
00000000    00000000    00000890   00000890    r-x
  00000000    00000000    000000c0   000000c0    r-- .intvecs
  000000c0    000000c0    00000790   00000790    r-x .text
  00000850    00000850    00000040   00000040    r-- .cinit
20200000    20200000    00000033   00000000    rw-
  20200000    20200000    00000021   00000000    rw- .bss
  20200021    20200021    00000012   00000000    rw- .data
20207e00    20207e00    00000200   00000000    rw-
  20207e00    20207e00    00000200   00000000    rw- .stack


SECTION ALLOCATION MAP

 output                                  attributes/
section   page    origin      length       input sections
--------  ----  ----------  ----------   ----------------
.intvecs   0    00000000    000000c0     
                  00000000    000000c0     startup_mspm0g350x_ticlang.o (.intvecs)

.text      0    000000c0    00000790     
                  000000c0    00000180     I2C_communication.o (.text.I2C_ReadReg)
                  00000240    000000d4     bq25622_driver.o (.text.BQ25622_EnableOTG)
                  00000314    000000d4     I2C_communication.o (.text.I2C1_IRQHandler)
                  000003e8    000000cc     bq25622_driver.o (.text.BQ25622_Init)
                  000004b4    000000a0     I2C_communication.o (.text.I2C_WriteReg)
                  00000554    0000009a     libc.a : memcpy16.S.obj (.text:memcpy)
                  000005ee    00000002     startup_mspm0g350x_ticlang.o (.text.Default_Handler)
                  000005f0    0000007c     libc.a : copy_decompress_lzss.c.obj (.text:decompress:lzss)
                  0000066c    0000005e     driverlib.a : dl_i2c.o (.text.DL_I2C_fillControllerTXFIFO)
                  000006ca    0000004e     bq25622_driver.o (.text.BQ25622_ConfigureForUSBC)
                  00000718    00000040     libclang_rt.builtins.a : aeabi_uidivmod.S.obj (.text.__aeabi_uidivmod)
                  00000758    0000003c     driverlib.a : dl_i2c.o (.text.DL_I2C_flushControllerTXFIFO)
                  00000794    0000003c     libc.a : autoinit.c.obj (.text:__TI_auto_init_nobinit_nopinit)
                  000007d0    00000028            : boot_cortex_m.c.obj (.text:_c_int00_noargs)
                  000007f8    00000016            : copy_zero_init.c.obj (.text:decompress:ZI:__TI_zero_init_nomemset)
                  0000080e    00000012            : copy_decompress_none.c.obj (.text:decompress:none)
                  00000820    0000000a     driverlib.a : dl_common.o (.text.DL_Common_delayCycles)
                  0000082a    0000000a     bq25622_usage_example.o (.text.main)
                  00000834    00000008     libclang_rt.builtins.a : aeabi_memcpy.S.obj (.text.__aeabi_memcpy)
                  0000083c    00000004     startup_mspm0g350x_ticlang.o (.text.Reset_Handler)
                  00000840    00000004     libc.a : pre_init.c.obj (.text._system_pre_init)
                  00000844    00000004            : exit.c.obj (.text:abort)
                  00000848    00000002     libclang_rt.builtins.a : aeabi_div0.c.obj (.text.__aeabi_idiv0)
                  0000084a    00000006     --HOLE-- [fill = 0]

.cinit     0    00000850    00000040     
                  00000850    00000018     (.cinit..data.load) [load image, compression = lzss]
                  00000868    0000000c     (__TI_handler_table)
                  00000874    00000008     (.cinit..bss.load) [load image, compression = zero_init]
                  0000087c    00000010     (__TI_cinit_table)
                  0000088c    00000004     --HOLE-- [fill = 0]

.init_array 
*          0    00000000    00000000     UNINITIALIZED

.binit     0    00000000    00000000     

.bss       0    20200000    00000021     UNINITIALIZED
                  20200000    00000010     (.common:gRxPacket)
                  20200010    00000004     (.common:gRxCount)
                  20200014    00000004     (.common:gRxLen)
                  20200018    00000004     (.common:gTxCount)
                  2020001c    00000004     (.common:gTxLen)
                  20200020    00000001     (.common:gI2cControllerStatus)

.data      0    20200021    00000012     UNINITIALIZED
                  20200021    00000010     I2C_communication.o (.data.gTxPacket)
                  20200031    00000002     bq25622_driver.o (.data.RX_data)

.stack     0    20207e00    00000200     UNINITIALIZED
                  20207e00    00000004     libc.a : boot_cortex_m.c.obj (.stack)
                  20207e04    000001fc     --HOLE--

__llvm_prf_cnts 
*          0    20200000    00000000     UNINITIALIZED

__llvm_prf_bits 
*          0    20200000    00000000     UNINITIALIZED

MODULE SUMMARY

       Module                         code   ro data   rw data
       ------                         ----   -------   -------
    .\
       I2C_communication.o            756    0         49     
       bq25622_driver.o               494    0         2      
       startup_mspm0g350x_ticlang.o   6      192       0      
       bq25622_usage_example.o        10     0         0      
    +--+------------------------------+------+---------+---------+
       Total:                         1266   192       51     
                                                              
    C:/ti/mspm0_sdk_2_04_00_06/source/ti/driverlib/lib/ticlang/m0p/mspm0g1x0x_g3x0x/driverlib.a
       dl_i2c.o                       154    0         0      
       dl_common.o                    10     0         0      
    +--+------------------------------+------+---------+---------+
       Total:                         164    0         0      
                                                              
    C:\ti\ccs2002\ccs\tools\compiler\ti-cgt-armllvm_4.0.1.LTS\lib\armv6m-ti-none-eabi/c/libc.a
       memcpy16.S.obj                 154    0         0      
       copy_decompress_lzss.c.obj     124    0         0      
       autoinit.c.obj                 60     0         0      
       boot_cortex_m.c.obj            40     0         0      
       copy_zero_init.c.obj           22     0         0      
       copy_decompress_none.c.obj     18     0         0      
       exit.c.obj                     4      0         0      
       pre_init.c.obj                 4      0         0      
    +--+------------------------------+------+---------+---------+
       Total:                         426    0         0      
                                                              
    C:\ti\ccs2002\ccs\tools\compiler\ti-cgt-armllvm_4.0.1.LTS\lib\armv6m-ti-none-eabi/libclang_rt.builtins.a
       aeabi_uidivmod.S.obj           64     0         0      
       aeabi_memcpy.S.obj             8      0         0      
       aeabi_div0.c.obj               2      0         0      
    +--+------------------------------+------+---------+---------+
       Total:                         74     0         0      
                                                              
       Stack:                         0      0         512    
       Linker Generated:              0      60        0      
    +--+------------------------------+------+---------+---------+
       Grand Total:                   1930   252       563    


LINKER GENERATED COPY TABLES

__TI_cinit_table @ 0000087c records: 2, size/record: 8, table size: 16
	.data: load addr=00000850, load size=00000018 bytes, run addr=20200021, run size=00000012 bytes, compression=lzss
	.bss: load addr=00000874, load size=00000008 bytes, run addr=20200000, run size=00000021 bytes, compression=zero_init


LINKER GENERATED HANDLER TABLE

__TI_handler_table @ 00000868 records: 3, size/record: 4, table size: 12
	index: 0, handler: __TI_decompress_lzss
	index: 1, handler: __TI_decompress_none
	index: 2, handler: __TI_zero_init


GLOBAL SYMBOLS: SORTED ALPHABETICALLY BY Name 

address   name                          
-------   ----                          
000005ef  ADC0_IRQHandler               
000005ef  ADC1_IRQHandler               
000005ef  AES_IRQHandler                
000006cb  BQ25622_ConfigureForUSBC      
00000241  BQ25622_EnableOTG             
000003e9  BQ25622_Init                  
00000844  C$$EXIT                       
000005ef  CANFD0_IRQHandler             
000005ef  DAC0_IRQHandler               
00000821  DL_Common_delayCycles         
0000066d  DL_I2C_fillControllerTXFIFO   
00000759  DL_I2C_flushControllerTXFIFO  
000005ef  DMA_IRQHandler                
000005ef  Default_Handler               
000005ef  GROUP0_IRQHandler             
000005ef  GROUP1_IRQHandler             
000005ef  HardFault_Handler             
000005ef  I2C0_IRQHandler               
00000315  I2C1_IRQHandler               
000000c1  I2C_ReadReg                   
000004b5  I2C_WriteReg                  
000005ef  NMI_Handler                   
000005ef  PendSV_Handler                
000005ef  RTC_IRQHandler                
20200031  RX_data                       
0000083d  Reset_Handler                 
000005ef  SPI0_IRQHandler               
000005ef  SPI1_IRQHandler               
000005ef  SVC_Handler                   
000005ef  SysTick_Handler               
000005ef  TIMA0_IRQHandler              
000005ef  TIMA1_IRQHandler              
000005ef  TIMG0_IRQHandler              
000005ef  TIMG12_IRQHandler             
000005ef  TIMG6_IRQHandler              
000005ef  TIMG7_IRQHandler              
000005ef  TIMG8_IRQHandler              
000005ef  UART0_IRQHandler              
000005ef  UART1_IRQHandler              
000005ef  UART2_IRQHandler              
000005ef  UART3_IRQHandler              
20208000  __STACK_END                   
00000200  __STACK_SIZE                  
00000000  __TI_ATRegion0_region_sz      
00000000  __TI_ATRegion0_src_addr       
00000000  __TI_ATRegion0_trg_addr       
00000000  __TI_ATRegion1_region_sz      
00000000  __TI_ATRegion1_src_addr       
00000000  __TI_ATRegion1_trg_addr       
00000000  __TI_ATRegion2_region_sz      
00000000  __TI_ATRegion2_src_addr       
00000000  __TI_ATRegion2_trg_addr       
0000087c  __TI_CINIT_Base               
0000088c  __TI_CINIT_Limit              
0000088c  __TI_CINIT_Warm               
00000868  __TI_Handler_Table_Base       
00000874  __TI_Handler_Table_Limit      
00000795  __TI_auto_init_nobinit_nopinit
000005f1  __TI_decompress_lzss          
0000080f  __TI_decompress_none          
ffffffff  __TI_pprof_out_hndl           
ffffffff  __TI_prof_data_size           
ffffffff  __TI_prof_data_start          
00000000  __TI_static_base__            
000007f9  __TI_zero_init_nomemset       
00000849  __aeabi_idiv0                 
00000835  __aeabi_memcpy                
00000835  __aeabi_memcpy4               
00000835  __aeabi_memcpy8               
00000719  __aeabi_uidiv                 
00000719  __aeabi_uidivmod              
ffffffff  __binit__                     
UNDEFED   __mpu_init                    
20207e00  __stack                       
20200000  __start___llvm_prf_bits       
20200000  __start___llvm_prf_cnts       
20200000  __stop___llvm_prf_bits        
20200000  __stop___llvm_prf_cnts        
000007d1  _c_int00_noargs               
UNDEFED   _system_post_cinit            
00000841  _system_pre_init              
00000845  abort                         
ffffffff  binit                         
20200020  gI2cControllerStatus          
20200010  gRxCount                      
20200014  gRxLen                        
20200000  gRxPacket                     
20200018  gTxCount                      
2020001c  gTxLen                        
20200021  gTxPacket                     
00000000  interruptVectors              
0000082b  main                          
00000555  memcpy                        


GLOBAL SYMBOLS: SORTED BY Symbol Address 

address   name                          
-------   ----                          
00000000  __TI_ATRegion0_region_sz      
00000000  __TI_ATRegion0_src_addr       
00000000  __TI_ATRegion0_trg_addr       
00000000  __TI_ATRegion1_region_sz      
00000000  __TI_ATRegion1_src_addr       
00000000  __TI_ATRegion1_trg_addr       
00000000  __TI_ATRegion2_region_sz      
00000000  __TI_ATRegion2_src_addr       
00000000  __TI_ATRegion2_trg_addr       
00000000  __TI_static_base__            
00000000  interruptVectors              
000000c1  I2C_ReadReg                   
00000200  __STACK_SIZE                  
00000241  BQ25622_EnableOTG             
00000315  I2C1_IRQHandler               
000003e9  BQ25622_Init                  
000004b5  I2C_WriteReg                  
00000555  memcpy                        
000005ef  ADC0_IRQHandler               
000005ef  ADC1_IRQHandler               
000005ef  AES_IRQHandler                
000005ef  CANFD0_IRQHandler             
000005ef  DAC0_IRQHandler               
000005ef  DMA_IRQHandler                
000005ef  Default_Handler               
000005ef  GROUP0_IRQHandler             
000005ef  GROUP1_IRQHandler             
000005ef  HardFault_Handler             
000005ef  I2C0_IRQHandler               
000005ef  NMI_Handler                   
000005ef  PendSV_Handler                
000005ef  RTC_IRQHandler                
000005ef  SPI0_IRQHandler               
000005ef  SPI1_IRQHandler               
000005ef  SVC_Handler                   
000005ef  SysTick_Handler               
000005ef  TIMA0_IRQHandler              
000005ef  TIMA1_IRQHandler              
000005ef  TIMG0_IRQHandler              
000005ef  TIMG12_IRQHandler             
000005ef  TIMG6_IRQHandler              
000005ef  TIMG7_IRQHandler              
000005ef  TIMG8_IRQHandler              
000005ef  UART0_IRQHandler              
000005ef  UART1_IRQHandler              
000005ef  UART2_IRQHandler              
000005ef  UART3_IRQHandler              
000005f1  __TI_decompress_lzss          
0000066d  DL_I2C_fillControllerTXFIFO   
000006cb  BQ25622_ConfigureForUSBC      
00000719  __aeabi_uidiv                 
00000719  __aeabi_uidivmod              
00000759  DL_I2C_flushControllerTXFIFO  
00000795  __TI_auto_init_nobinit_nopinit
000007d1  _c_int00_noargs               
000007f9  __TI_zero_init_nomemset       
0000080f  __TI_decompress_none          
00000821  DL_Common_delayCycles         
0000082b  main                          
00000835  __aeabi_memcpy                
00000835  __aeabi_memcpy4               
00000835  __aeabi_memcpy8               
0000083d  Reset_Handler                 
00000841  _system_pre_init              
00000844  C$$EXIT                       
00000845  abort                         
00000849  __aeabi_idiv0                 
00000868  __TI_Handler_Table_Base       
00000874  __TI_Handler_Table_Limit      
0000087c  __TI_CINIT_Base               
0000088c  __TI_CINIT_Limit              
0000088c  __TI_CINIT_Warm               
20200000  __start___llvm_prf_bits       
20200000  __start___llvm_prf_cnts       
20200000  __stop___llvm_prf_bits        
20200000  __stop___llvm_prf_cnts        
20200000  gRxPacket                     
20200010  gRxCount                      
20200014  gRxLen                        
20200018  gTxCount                      
2020001c  gTxLen                        
20200020  gI2cControllerStatus          
20200021  gTxPacket                     
20200031  RX_data                       
20207e00  __stack                       
20208000  __STACK_END                   
ffffffff  __TI_pprof_out_hndl           
ffffffff  __TI_prof_data_size           
ffffffff  __TI_prof_data_start          
ffffffff  __binit__                     
ffffffff  binit                         
UNDEFED   __mpu_init                    
UNDEFED   _system_post_cinit            

[93 symbols]
