******************************************************************************
            TI ARM Clang Linker PC v4.0.1                      
******************************************************************************
>> Linked Tue Apr 22 12:13:45 2025

OUTPUT FILE NAME:   <empty_mspm0g3507_nortos_ticlang.out>
ENTRY POINT SYMBOL: "_c_int00_noargs"  address: 00000359


MEMORY CONFIGURATION

         name            origin    length      used     unused   attr    fill
----------------------  --------  ---------  --------  --------  ----  --------
  FLASH                 00000000   00020000  000003d8  0001fc28  R  X
  SRAM                  20200000   00008000  0000020a  00007df6  RW X
  BCR_CONFIG            41c00000   000000ff  00000000  000000ff  R   
  BSL_CONFIG            41c00100   00000080  00000000  00000080  R   


SEGMENT ALLOCATION MAP

run origin  load origin   length   init length attrs members
----------  ----------- ---------- ----------- ----- -------
00000000    00000000    000003d8   000003d8    r-x
  00000000    00000000    000000c0   000000c0    r-- .intvecs
  000000c0    000000c0    00000300   00000300    r-x .text
  000003c0    000003c0    00000018   00000018    r-- .cinit
20200000    20200000    0000000a   00000000    rw-
  20200000    20200000    0000000a   00000000    rw- .data
20207e00    20207e00    00000200   00000000    rw-
  20207e00    20207e00    00000200   00000000    rw- .stack


SECTION ALLOCATION MAP

 output                                  attributes/
section   page    origin      length       input sections
--------  ----  ----------  ----------   ----------------
.intvecs   0    00000000    000000c0     
                  00000000    000000c0     startup_mspm0g350x_ticlang.o (.intvecs)

.text      0    000000c0    00000300     
                  000000c0    000000a4     empty_mspm0g3507.o (.text.main)
                  00000164    0000009a     libc.a : memcpy16.S.obj (.text:memcpy)
                  000001fe    00000002     startup_mspm0g350x_ticlang.o (.text.Default_Handler)
                  00000200    0000007c     libc.a : copy_decompress_lzss.c.obj (.text:decompress:lzss)
                  0000027c    00000044     ti_msp_dl_config.o (.text.SYSCFG_DL_GPIO_init)
                  000002c0    0000003c     libc.a : autoinit.c.obj (.text:__TI_auto_init_nobinit_nopinit)
                  000002fc    00000030     ti_msp_dl_config.o (.text.SYSCFG_DL_SYSCTL_init)
                  0000032c    0000002c     ti_msp_dl_config.o (.text.SYSCFG_DL_initPower)
                  00000358    00000028     libc.a : boot_cortex_m.c.obj (.text:_c_int00_noargs)
                  00000380    00000012            : copy_decompress_none.c.obj (.text:decompress:none)
                  00000392    00000010     ti_msp_dl_config.o (.text.SYSCFG_DL_init)
                  000003a2    0000000a     driverlib.a : dl_common.o (.text.DL_Common_delayCycles)
                  000003ac    00000008     libclang_rt.builtins.a : aeabi_memcpy.S.obj (.text.__aeabi_memcpy)
                  000003b4    00000004     startup_mspm0g350x_ticlang.o (.text.Reset_Handler)
                  000003b8    00000004     libc.a : pre_init.c.obj (.text._system_pre_init)
                  000003bc    00000004            : exit.c.obj (.text:abort)

.cinit     0    000003c0    00000018     
                  000003c0    00000008     (__TI_handler_table)
                  000003c8    00000007     (.cinit..data.load) [load image, compression = lzss]
                  000003cf    00000001     --HOLE-- [fill = 0]
                  000003d0    00000008     (__TI_cinit_table)

.init_array 
*          0    00000000    00000000     UNINITIALIZED

.binit     0    00000000    00000000     

.data      0    20200000    0000000a     UNINITIALIZED
                  20200000    00000004     empty_mspm0g3507.o (.data.currentTime)
                  20200004    00000004     empty_mspm0g3507.o (.data.toggleStartTime)
                  20200008    00000001     empty_mspm0g3507.o (.data.prevPA0State)
                  20200009    00000001     empty_mspm0g3507.o (.data.toggleActive)

.stack     0    20207e00    00000200     UNINITIALIZED
                  20207e00    00000004     libc.a : boot_cortex_m.c.obj (.stack)
                  20207e04    000001fc     --HOLE--

__llvm_prf_cnts 
*          0    20200000    00000000     UNINITIALIZED

__llvm_prf_bits 
*          0    20200000    00000000     UNINITIALIZED

MODULE SUMMARY

       Module                         code   ro data   rw data
       ------                         ----   -------   -------
    .\
       startup_mspm0g350x_ticlang.o   6      192       0      
       empty_mspm0g3507.o             164    0         10     
    +--+------------------------------+------+---------+---------+
       Total:                         170    192       10     
                                                              
    .\syscfg\
       ti_msp_dl_config.o             176    0         0      
    +--+------------------------------+------+---------+---------+
       Total:                         176    0         0      
                                                              
    C:/ti/mspm0_sdk_2_04_00_06/source/ti/driverlib/lib/ticlang/m0p/mspm0g1x0x_g3x0x/driverlib.a
       dl_common.o                    10     0         0      
    +--+------------------------------+------+---------+---------+
       Total:                         10     0         0      
                                                              
    C:\ti\ccs2002\ccs\tools\compiler\ti-cgt-armllvm_4.0.1.LTS\lib\armv6m-ti-none-eabi/c/libc.a
       memcpy16.S.obj                 154    0         0      
       copy_decompress_lzss.c.obj     124    0         0      
       autoinit.c.obj                 60     0         0      
       boot_cortex_m.c.obj            40     0         0      
       copy_decompress_none.c.obj     18     0         0      
       exit.c.obj                     4      0         0      
       pre_init.c.obj                 4      0         0      
    +--+------------------------------+------+---------+---------+
       Total:                         404    0         0      
                                                              
    C:\ti\ccs2002\ccs\tools\compiler\ti-cgt-armllvm_4.0.1.LTS\lib\armv6m-ti-none-eabi/libclang_rt.builtins.a
       aeabi_memcpy.S.obj             8      0         0      
    +--+------------------------------+------+---------+---------+
       Total:                         8      0         0      
                                                              
       Stack:                         0      0         512    
       Linker Generated:              0      23        0      
    +--+------------------------------+------+---------+---------+
       Grand Total:                   768    215       522    


LINKER GENERATED COPY TABLES

__TI_cinit_table @ 000003d0 records: 1, size/record: 8, table size: 8
	.data: load addr=000003c8, load size=00000007 bytes, run addr=20200000, run size=0000000a bytes, compression=lzss


LINKER GENERATED HANDLER TABLE

__TI_handler_table @ 000003c0 records: 2, size/record: 4, table size: 8
	index: 0, handler: __TI_decompress_lzss
	index: 1, handler: __TI_decompress_none


GLOBAL SYMBOLS: SORTED ALPHABETICALLY BY Name 

address   name                          
-------   ----                          
000001ff  ADC0_IRQHandler               
000001ff  ADC1_IRQHandler               
000001ff  AES_IRQHandler                
000003bc  C$$EXIT                       
000001ff  CANFD0_IRQHandler             
000001ff  DAC0_IRQHandler               
000003a3  DL_Common_delayCycles         
000001ff  DMA_IRQHandler                
000001ff  Default_Handler               
000001ff  GROUP0_IRQHandler             
000001ff  GROUP1_IRQHandler             
000001ff  HardFault_Handler             
000001ff  I2C0_IRQHandler               
000001ff  I2C1_IRQHandler               
000001ff  NMI_Handler                   
000001ff  PendSV_Handler                
000001ff  RTC_IRQHandler                
000003b5  Reset_Handler                 
000001ff  SPI0_IRQHandler               
000001ff  SPI1_IRQHandler               
000001ff  SVC_Handler                   
0000027d  SYSCFG_DL_GPIO_init           
000002fd  SYSCFG_DL_SYSCTL_init         
00000393  SYSCFG_DL_init                
0000032d  SYSCFG_DL_initPower           
000001ff  SysTick_Handler               
000001ff  TIMA0_IRQHandler              
000001ff  TIMA1_IRQHandler              
000001ff  TIMG0_IRQHandler              
000001ff  TIMG12_IRQHandler             
000001ff  TIMG6_IRQHandler              
000001ff  TIMG7_IRQHandler              
000001ff  TIMG8_IRQHandler              
000001ff  UART0_IRQHandler              
000001ff  UART1_IRQHandler              
000001ff  UART2_IRQHandler              
000001ff  UART3_IRQHandler              
20208000  __STACK_END                   
00000200  __STACK_SIZE                  
00000000  __TI_ATRegion0_region_sz      
00000000  __TI_ATRegion0_src_addr       
00000000  __TI_ATRegion0_trg_addr       
00000000  __TI_ATRegion1_region_sz      
00000000  __TI_ATRegion1_src_addr       
00000000  __TI_ATRegion1_trg_addr       
00000000  __TI_ATRegion2_region_sz      
00000000  __TI_ATRegion2_src_addr       
00000000  __TI_ATRegion2_trg_addr       
000003d0  __TI_CINIT_Base               
000003d8  __TI_CINIT_Limit              
000003d8  __TI_CINIT_Warm               
000003c0  __TI_Handler_Table_Base       
000003c8  __TI_Handler_Table_Limit      
000002c1  __TI_auto_init_nobinit_nopinit
00000201  __TI_decompress_lzss          
00000381  __TI_decompress_none          
ffffffff  __TI_pprof_out_hndl           
ffffffff  __TI_prof_data_size           
ffffffff  __TI_prof_data_start          
00000000  __TI_static_base__            
000003ad  __aeabi_memcpy                
000003ad  __aeabi_memcpy4               
000003ad  __aeabi_memcpy8               
ffffffff  __binit__                     
UNDEFED   __mpu_init                    
20207e00  __stack                       
20200000  __start___llvm_prf_bits       
20200000  __start___llvm_prf_cnts       
20200000  __stop___llvm_prf_bits        
20200000  __stop___llvm_prf_cnts        
00000359  _c_int00_noargs               
UNDEFED   _system_post_cinit            
000003b9  _system_pre_init              
000003bd  abort                         
ffffffff  binit                         
20200000  currentTime                   
00000000  interruptVectors              
000000c1  main                          
00000165  memcpy                        
20200008  prevPA0State                  
20200009  toggleActive                  
20200004  toggleStartTime               


GLOBAL SYMBOLS: SORTED BY Symbol Address 

address   name                          
-------   ----                          
00000000  __TI_ATRegion0_region_sz      
00000000  __TI_ATRegion0_src_addr       
00000000  __TI_ATRegion0_trg_addr       
00000000  __TI_ATRegion1_region_sz      
00000000  __TI_ATRegion1_src_addr       
00000000  __TI_ATRegion1_trg_addr       
00000000  __TI_ATRegion2_region_sz      
00000000  __TI_ATRegion2_src_addr       
00000000  __TI_ATRegion2_trg_addr       
00000000  __TI_static_base__            
00000000  interruptVectors              
000000c1  main                          
00000165  memcpy                        
000001ff  ADC0_IRQHandler               
000001ff  ADC1_IRQHandler               
000001ff  AES_IRQHandler                
000001ff  CANFD0_IRQHandler             
000001ff  DAC0_IRQHandler               
000001ff  DMA_IRQHandler                
000001ff  Default_Handler               
000001ff  GROUP0_IRQHandler             
000001ff  GROUP1_IRQHandler             
000001ff  HardFault_Handler             
000001ff  I2C0_IRQHandler               
000001ff  I2C1_IRQHandler               
000001ff  NMI_Handler                   
000001ff  PendSV_Handler                
000001ff  RTC_IRQHandler                
000001ff  SPI0_IRQHandler               
000001ff  SPI1_IRQHandler               
000001ff  SVC_Handler                   
000001ff  SysTick_Handler               
000001ff  TIMA0_IRQHandler              
000001ff  TIMA1_IRQHandler              
000001ff  TIMG0_IRQHandler              
000001ff  TIMG12_IRQHandler             
000001ff  TIMG6_IRQHandler              
000001ff  TIMG7_IRQHandler              
000001ff  TIMG8_IRQHandler              
000001ff  UART0_IRQHandler              
000001ff  UART1_IRQHandler              
000001ff  UART2_IRQHandler              
000001ff  UART3_IRQHandler              
00000200  __STACK_SIZE                  
00000201  __TI_decompress_lzss          
0000027d  SYSCFG_DL_GPIO_init           
000002c1  __TI_auto_init_nobinit_nopinit
000002fd  SYSCFG_DL_SYSCTL_init         
0000032d  SYSCFG_DL_initPower           
00000359  _c_int00_noargs               
00000381  __TI_decompress_none          
00000393  SYSCFG_DL_init                
000003a3  DL_Common_delayCycles         
000003ad  __aeabi_memcpy                
000003ad  __aeabi_memcpy4               
000003ad  __aeabi_memcpy8               
000003b5  Reset_Handler                 
000003b9  _system_pre_init              
000003bc  C$$EXIT                       
000003bd  abort                         
000003c0  __TI_Handler_Table_Base       
000003c8  __TI_Handler_Table_Limit      
000003d0  __TI_CINIT_Base               
000003d8  __TI_CINIT_Limit              
000003d8  __TI_CINIT_Warm               
20200000  __start___llvm_prf_bits       
20200000  __start___llvm_prf_cnts       
20200000  __stop___llvm_prf_bits        
20200000  __stop___llvm_prf_cnts        
20200000  currentTime                   
20200004  toggleStartTime               
20200008  prevPA0State                  
20200009  toggleActive                  
20207e00  __stack                       
20208000  __STACK_END                   
ffffffff  __TI_pprof_out_hndl           
ffffffff  __TI_prof_data_size           
ffffffff  __TI_prof_data_start          
ffffffff  __binit__                     
ffffffff  binit                         
UNDEFED   __mpu_init                    
UNDEFED   _system_post_cinit            

[82 symbols]
